[    0.000000] Initializing cgroup subsys cpuset
[    0.000000] Initializing cgroup subsys cpu
[    0.000000] Initializing cgroup subsys cpuacct
[    0.000000] Linux version 3.13.0-86-generic (buildd@lgw01-19) (gcc version 4.8.2 (Ubuntu 4.8.2-19ubuntu1) ) #130-Ubuntu SMP Mon Apr 18 18:27:15 UTC 2016 (Ubuntu 3.13.0-86.130-generic 3.13.11-ckt39)
[    0.000000] Command line: BOOT_IMAGE=/boot/vmlinuz-3.13.0-86-generic root=LABEL=cloudimg-rootfs ro console=tty1 console=ttyS0
[    0.000000] KERNEL supported cpus:
[    0.000000]   Intel GenuineIntel
[    0.000000]   AMD AuthenticAMD
[    0.000000]   Centaur CentaurHauls
[    0.000000] e820: BIOS-provided physical RAM map:
[    0.000000] BIOS-e820: [mem 0x0000000000000000-0x000000000009fbff] usable
[    0.000000] BIOS-e820: [mem 0x000000000009fc00-0x000000000009ffff] reserved
[    0.000000] BIOS-e820: [mem 0x00000000000f0000-0x00000000000fffff] reserved
[    0.000000] BIOS-e820: [mem 0x0000000000100000-0x000000007fffdfff] usable
[    0.000000] BIOS-e820: [mem 0x000000007fffe000-0x000000007fffffff] reserved
[    0.000000] BIOS-e820: [mem 0x00000000feffc000-0x00000000feffffff] reserved
[    0.000000] BIOS-e820: [mem 0x00000000fffc0000-0x00000000ffffffff] reserved
[    0.000000] NX (Execute Disable) protection: active
[    0.000000] SMBIOS 2.4 present.
[    0.000000] Hypervisor detected: KVM
[    0.000000] No AGP bridge found
[    0.000000] e820: last_pfn = 0x7fffe max_arch_pfn = 0x400000000
[    0.000000] x86 PAT enabled: cpu 0, old 0x7040600070406, new 0x7010600070106
[    0.000000] found SMP MP-table at [mem 0x000f0af0-0x000f0aff] mapped at [ffff8800000f0af0]
[    0.000000] Scanning 1 areas for low memory corruption
[    0.000000] Using GB pages for direct mapping
[    0.000000] init_memory_mapping: [mem 0x00000000-0x000fffff]
[    0.000000] init_memory_mapping: [mem 0x7fc00000-0x7fdfffff]
[    0.000000] init_memory_mapping: [mem 0x7c000000-0x7fbfffff]
[    0.000000] init_memory_mapping: [mem 0x00100000-0x7bffffff]
[    0.000000] init_memory_mapping: [mem 0x7fe00000-0x7fffdfff]
[    0.000000] RAMDISK: [mem 0x3720a000-0x378fcfff]
[    0.000000] ACPI: RSDP 00000000000f0940 000014 (v00 BOCHS )
[    0.000000] ACPI: RSDT 000000007ffffb8a 000034 (v01 BOCHS  BXPCRSDT 00000001 BXPC 00000001)
[    0.000000] ACPI: FACP 000000007ffff1c0 000074 (v01 BOCHS  BXPCFACP 00000001 BXPC 00000001)
[    0.000000] ACPI: DSDT 000000007fffe040 001180 (v01 BOCHS  BXPCDSDT 00000001 BXPC 00000001)
[    0.000000] ACPI: FACS 000000007fffe000 000040
[    0.000000] ACPI: SSDT 000000007ffff234 0008DE (v01 BOCHS  BXPCSSDT 00000001 BXPC 00000001)
[    0.000000] ACPI: APIC 000000007ffffb12 000078 (v01 BOCHS  BXPCAPIC 00000001 BXPC 00000001)
[    0.000000] ACPI: RSDT 000000007ffffb8a 000034 (v01 BOCHS  BXPCRSDT 00000001 BXPC 00000001)
[    0.000000] No NUMA configuration found
[    0.000000] Faking a node at [mem 0x0000000000000000-0x000000007fffdfff]
[    0.000000] Initmem setup node 0 [mem 0x00000000-0x7fffdfff]
[    0.000000]   NODE_DATA [mem 0x7fff9000-0x7fffdfff]
[    0.000000] kvm-clock: Using msrs 4b564d01 and 4b564d00
[    0.000000] kvm-clock: cpu 0, msr 0:7fff5001, boot clock
[    0.000000] Zone ranges:
[    0.000000]   DMA      [mem 0x00001000-0x00ffffff]
[    0.000000]   DMA32    [mem 0x01000000-0xffffffff]
[    0.000000]   Normal   empty
[    0.000000] Movable zone start for each node
[    0.000000] Early memory node ranges
[    0.000000]   node   0: [mem 0x00001000-0x0009efff]
[    0.000000]   node   0: [mem 0x00100000-0x7fffdfff]
[    0.000000] ACPI: PM-Timer IO Port: 0xb008
[    0.000000] ACPI: LAPIC (acpi_id[0x00] lapic_id[0x00] enabled)
[    0.000000] ACPI: LAPIC_NMI (acpi_id[0xff] dfl dfl lint[0x1])
[    0.000000] ACPI: IOAPIC (id[0x00] address[0xfec00000] gsi_base[0])
[    0.000000] IOAPIC[0]: apic_id 0, version 17, address 0xfec00000, GSI 0-23
[    0.000000] ACPI: INT_SRC_OVR (bus 0 bus_irq 0 global_irq 2 dfl dfl)
[    0.000000] ACPI: INT_SRC_OVR (bus 0 bus_irq 5 global_irq 5 high level)
[    0.000000] ACPI: INT_SRC_OVR (bus 0 bus_irq 9 global_irq 9 high level)
[    0.000000] ACPI: INT_SRC_OVR (bus 0 bus_irq 10 global_irq 10 high level)
[    0.000000] ACPI: INT_SRC_OVR (bus 0 bus_irq 11 global_irq 11 high level)
[    0.000000] Using ACPI (MADT) for SMP configuration information
[    0.000000] smpboot: Allowing 1 CPUs, 0 hotplug CPUs
[    0.000000] PM: Registered nosave memory: [mem 0x0009f000-0x0009ffff]
[    0.000000] PM: Registered nosave memory: [mem 0x000a0000-0x000effff]
[    0.000000] PM: Registered nosave memory: [mem 0x000f0000-0x000fffff]
[    0.000000] e820: [mem 0x80000000-0xfeffbfff] available for PCI devices
[    0.000000] Booting paravirtualized kernel on KVM
[    0.000000] setup_percpu: NR_CPUS:256 nr_cpumask_bits:256 nr_cpu_ids:1 nr_node_ids:1
[    0.000000] PERCPU: Embedded 27 pages/cpu @ffff88007fc00000 s81536 r8192 d20864 u2097152
[    0.000000] kvm-clock: cpu 0, msr 0:7fff5001, primary cpu clock
[    0.000000] KVM setup async PF for cpu 0
[    0.000000] kvm-stealtime: cpu 0, msr 7fc0d000
[    0.000000] Built 1 zonelists in Node order, mobility grouping on.  Total pages: 515975
[    0.000000] Policy zone: DMA32
[    0.000000] Kernel command line: BOOT_IMAGE=/boot/vmlinuz-3.13.0-86-generic root=LABEL=cloudimg-rootfs ro console=tty1 console=ttyS0
[    0.000000] PID hash table entries: 4096 (order: 3, 32768 bytes)
[    0.000000] xsave: enabled xstate_bv 0x7, cntxt size 0x340
[    0.000000] Checking aperture...
[    0.000000] No AGP bridge found
[    0.000000] Memory: 2040100K/2096752K available (7421K kernel code, 1146K rwdata, 3416K rodata, 1336K init, 1448K bss, 56652K reserved)
[    0.000000] SLUB: HWalign=64, Order=0-3, MinObjects=0, CPUs=1, Nodes=1
[    0.000000] Hierarchical RCU implementation.
[    0.000000] 	RCU dyntick-idle grace-period acceleration is enabled.
[    0.000000] 	RCU restricting CPUs from NR_CPUS=256 to nr_cpu_ids=1.
[    0.000000] 	Offload RCU callbacks from all CPUs
[    0.000000] 	Offload RCU callbacks from CPUs: 0.
[    0.000000] NR_IRQS:16640 nr_irqs:256 16
[    0.000000] Console: colour VGA+ 80x25
[    0.000000] console [tty1] enabled
[    0.000000] console [ttyS0] enabled
[    0.000000] allocated 8388608 bytes of page_cgroup
[    0.000000] please try 'cgroup_disable=memory' option if you don't want memory cgroups
[    0.000000] tsc: Detected 2596.986 MHz processor
[    0.008000] Calibrating delay loop (skipped) preset value.. 5193.97 BogoMIPS (lpj=10387944)
[    0.008000] pid_max: default: 32768 minimum: 301
[    0.008000] Security Framework initialized
[    0.008000] AppArmor: AppArmor initialized
[    0.008000] Yama: becoming mindful.
[    0.008008] Dentry cache hash table entries: 262144 (order: 9, 2097152 bytes)
[    0.008961] Inode-cache hash table entries: 131072 (order: 8, 1048576 bytes)
[    0.009712] Mount-cache hash table entries: 4096 (order: 3, 32768 bytes)
[    0.011089] Mountpoint-cache hash table entries: 4096 (order: 3, 32768 bytes)
[    0.011842] Initializing cgroup subsys memory
[    0.012007] Initializing cgroup subsys devices
[    0.012473] Initializing cgroup subsys freezer
[    0.012923] Initializing cgroup subsys blkio
[    0.013359] Initializing cgroup subsys perf_event
[    0.013827] Initializing cgroup subsys hugetlb
[    0.015065] mce: CPU supports 10 MCE banks
[    0.016030] Last level iTLB entries: 4KB 0, 2MB 0, 4MB 0
[    0.016030] Last level dTLB entries: 4KB 0, 2MB 0, 4MB 0
[    0.016030] tlb_flushall_shift: 5
[    0.025494] Freeing SMP alternatives memory: 32K (ffffffff81e6e000 - ffffffff81e76000)
[    0.028431] ACPI: Core revision 20131115
[    0.029269] ACPI: All ACPI Tables successfully acquired
[    0.029892] ftrace: allocating 28609 entries in 112 pages
[    0.036663] Enabling x2apic
[    0.037014] Enabled x2apic
[    0.040003] Switched APIC routing to physical x2apic.
[    0.041446] ..TIMER: vector=0x30 apic1=0 pin1=2 apic2=-1 pin2=-1
[    0.042010] smpboot: CPU0: Intel Xeon E312xx (Sandy Bridge) (fam: 06, model: 2a, stepping: 01)
[    0.042989] Performance Events: unsupported p6 CPU model 42 no PMU driver, software events only.
[    0.044000] x86: Booted up 1 node, 1 CPUs
[    0.044000] smpboot: Total of 1 processors activated (5193.97 BogoMIPS)
[    0.044000] devtmpfs: initialized
[    0.045522] EVM: security.selinux
[    0.045924] EVM: security.SMACK64
[    0.046290] EVM: security.ima
[    0.046626] EVM: security.capability
[    0.047021] NMI watchdog: disabled (cpu0): hardware events not enabled
[    0.048056] pinctrl core: initialized pinctrl subsystem
[    0.048597] regulator-dummy: no parameters
[    0.049063] RTC time:  4:52:59, date: 12/08/16
[    0.049656] NET: Registered protocol family 16
[    0.050183] cpuidle: using governor ladder
[    0.050686] cpuidle: using governor menu
[    0.051118] ACPI: bus type PCI registered
[    0.051569] acpiphp: ACPI Hot Plug PCI Controller Driver version: 0.5
[    0.052062] PCI: Using configuration type 1 for base access
[    0.053045] bio: create slab <bio-0> at 0
[    0.053582] ACPI: Added _OSI(Module Device)
[    0.054014] ACPI: Added _OSI(Processor Device)
[    0.054456] ACPI: Added _OSI(3.0 _SCP Extensions)
[    0.054918] ACPI: Added _OSI(Processor Aggregator Device)
[    0.057157] ACPI: Interpreter enabled
[    0.057625] ACPI Exception: AE_NOT_FOUND, While evaluating Sleep State [\_S1_] (20131115/hwxface-580)
[    0.058857] ACPI Exception: AE_NOT_FOUND, While evaluating Sleep State [\_S2_] (20131115/hwxface-580)
[    0.059828] ACPI: (supports S0 S3 S4 S5)
[    0.060003] ACPI: Using IOAPIC for interrupt routing
[    0.060497] PCI: Using host bridge windows from ACPI; if necessary, use "pci=nocrs" and report a bug
[    0.061561] ACPI: No dock devices found.
[    0.063235] ACPI: PCI Root Bridge [PCI0] (domain 0000 [bus 00-ff])
[    0.063822] acpi PNP0A03:00: _OSC: OS supports [ASPM ClockPM Segments MSI]
[    0.064006] acpi PNP0A03:00: _OSC failed (AE_NOT_FOUND); disabling ASPM
[    0.064916] acpi PNP0A03:00: fail to add MMCONFIG information, can't access extended PCI configuration space under this bridge.
[    0.066084] acpiphp: Slot [3] registered
[    0.066507] acpiphp: Slot [4] registered
[    0.066927] acpiphp: Slot [5] registered
[    0.067349] acpiphp: Slot [6] registered
[    0.067771] acpiphp: Slot [7] registered
[    0.068016] acpiphp: Slot [8] registered
[    0.068443] acpiphp: Slot [9] registered
[    0.068866] acpiphp: Slot [10] registered
[    0.069291] acpiphp: Slot [11] registered
[    0.069715] acpiphp: Slot [12] registered
[    0.070141] acpiphp: Slot [13] registered
[    0.070567] acpiphp: Slot [14] registered
[    0.072019] acpiphp: Slot [15] registered
[    0.072451] acpiphp: Slot [16] registered
[    0.072877] acpiphp: Slot [17] registered
[    0.073302] acpiphp: Slot [18] registered
[    0.073987] acpiphp: Slot [19] registered
[    0.074413] acpiphp: Slot [20] registered
[    0.074838] acpiphp: Slot [21] registered
[    0.075264] acpiphp: Slot [22] registered
[    0.075689] acpiphp: Slot [23] registered
[    0.076015] acpiphp: Slot [24] registered
[    0.076489] acpiphp: Slot [25] registered
[    0.076963] acpiphp: Slot [26] registered
[    0.077404] acpiphp: Slot [27] registered
[    0.077852] acpiphp: Slot [28] registered
[    0.078276] acpiphp: Slot [29] registered
[    0.078717] acpiphp: Slot [30] registered
[    0.079148] acpiphp: Slot [31] registered
[    0.079571] PCI host bridge to bus 0000:00
[    0.079994] pci_bus 0000:00: root bus resource [bus 00-ff]
[    0.080003] pci_bus 0000:00: root bus resource [io  0x0000-0x0cf7]
[    0.080577] pci_bus 0000:00: root bus resource [io  0x0d00-0xadff]
[    0.081874] pci_bus 0000:00: root bus resource [io  0xae0f-0xaeff]
[    0.082509] pci_bus 0000:00: root bus resource [io  0xaf20-0xafdf]
[    0.083106] pci_bus 0000:00: root bus resource [io  0xafe4-0xffff]
[    0.083704] pci_bus 0000:00: root bus resource [mem 0x000a0000-0x000bffff]
[    0.084004] pci_bus 0000:00: root bus resource [mem 0x80000000-0xfebfffff]
[    0.093338] pci 0000:00:01.3: quirk: [io  0xb000-0xb03f] claimed by PIIX4 ACPI
[    0.094193] pci 0000:00:01.3: quirk: [io  0xb100-0xb10f] claimed by PIIX4 SMB
[    0.132372] ACPI: PCI Interrupt Link [LNKA] (IRQs 5 *10 11)
[    0.133245] ACPI: PCI Interrupt Link [LNKB] (IRQs 5 *10 11)
[    0.134083] ACPI: PCI Interrupt Link [LNKC] (IRQs 5 10 *11)
[    0.134877] ACPI: PCI Interrupt Link [LNKD] (IRQs 5 10 *11)
[    0.135650] ACPI: PCI Interrupt Link [LNKS] (IRQs *9)
[    0.136408] ACPI: Enabled 16 GPEs in block 00 to 0F
[    0.137047] vgaarb: setting as boot device: PCI:0000:00:02.0
[    0.138285] vgaarb: device added: PCI:0000:00:02.0,decodes=io+mem,owns=io+mem,locks=none
[    0.139073] vgaarb: loaded
[    0.139386] vgaarb: bridge control possible 0000:00:02.0
[    0.139975] SCSI subsystem initialized
[    0.140043] ACPI: bus type USB registered
[    0.140469] usbcore: registered new interface driver usbfs
[    0.141255] usbcore: registered new interface driver hub
[    0.141770] usbcore: registered new device driver usb
[    0.142307] PCI: Using ACPI for IRQ routing
[    0.142866] NetLabel: Initializing
[    0.143239] NetLabel:  domain hash size = 128
[    0.143671] NetLabel:  protocols = UNLABELED CIPSOv4
[    0.144012] NetLabel:  unlabeled traffic allowed by default
[    0.144579] Switched to clocksource kvm-clock
[    0.147655] AppArmor: AppArmor Filesystem Enabled
[    0.148376] pnp: PnP ACPI init
[    0.148751] ACPI: bus type PNP registered
[    0.149447] pnp: PnP ACPI: found 7 devices
[    0.149872] ACPI: bus type PNP unregistered
[    0.155318] NET: Registered protocol family 2
[    0.156400] TCP established hash table entries: 16384 (order: 5, 131072 bytes)
[    0.157159] TCP bind hash table entries: 16384 (order: 6, 262144 bytes)
[    0.157781] TCP: Hash tables configured (established 16384 bind 16384)
[    0.158386] TCP: reno registered
[    0.158744] UDP hash table entries: 1024 (order: 3, 32768 bytes)
[    0.159299] UDP-Lite hash table entries: 1024 (order: 3, 32768 bytes)
[    0.159919] NET: Registered protocol family 1
[    0.160380] pci 0000:00:00.0: Limiting direct PCI/PCI transfers
[    0.160943] pci 0000:00:01.0: PIIX3: Enabling Passive Release
[    0.161581] pci 0000:00:01.0: Activating ISA DMA hang workarounds
[    0.162319] ACPI: PCI Interrupt Link [LNKD] enabled at IRQ 11
[    0.163216] Trying to unpack rootfs image as initramfs...
[    0.248728] Freeing initrd memory: 7116K (ffff88003720a000 - ffff8800378fd000)
[    0.249705] microcode: CPU0 sig=0x206a1, pf=0x1, revision=0x1
[    0.250357] microcode: Microcode Update Driver: v2.00 <tigran@aivazian.fsnet.co.uk>, Peter Oruba
[    0.251331] Scanning for low memory corruption every 60 seconds
[    0.252153] Initialise system trusted keyring
[    0.252700] audit: initializing netlink socket (disabled)
[    0.253304] type=2000 audit(1481172780.681:1): initialized
[    0.273309] HugeTLB registered 2 MB page size, pre-allocated 0 pages
[    0.274565] zbud: loaded
[    0.275018] VFS: Disk quotas dquot_6.5.2
[    0.275523] Dquot-cache hash table entries: 512 (order 0, 4096 bytes)
[    0.276453] fuse init (API version 7.22)
[    0.276973] msgmni has been set to 3998
[    0.277474] Key type big_key registered
[    0.278046] Key type asymmetric registered
[    0.278539] Asymmetric key parser 'x509' registered
[    0.279104] Block layer SCSI generic (bsg) driver version 0.4 loaded (major 252)
[    0.279967] io scheduler noop registered
[    0.280449] io scheduler deadline registered (default)
[    0.281029] io scheduler cfq registered
[    0.281534] pci_hotplug: PCI Hot Plug PCI Core version: 0.5
[    0.282153] pciehp: PCI Express Hot Plug Controller Driver version: 0.4
[    0.282868] ipmi message handler version 39.2
[    0.283410] input: Power Button as /devices/LNXSYSTM:00/LNXPWRBN:00/input/input0
[    0.284288] ACPI: Power Button [PWRF]
[    0.284808] GHES: HEST is not enabled!
[    0.285514] ACPI: PCI Interrupt Link [LNKC] enabled at IRQ 10
[    0.288196] ACPI: PCI Interrupt Link [LNKA] enabled at IRQ 10
[    0.289960] ACPI: PCI Interrupt Link [LNKB] enabled at IRQ 11
[    0.291322] Serial: 8250/16550 driver, 32 ports, IRQ sharing enabled
[    0.318111] 00:04: ttyS0 at I/O 0x3f8 (irq = 4, base_baud = 115200) is a 16550A
[    0.345000] 00:05: ttyS1 at I/O 0x2f8 (irq = 3, base_baud = 115200) is a 16550A
[    0.393216] Linux agpgart interface v0.103
[    0.394203] brd: module loaded
[    0.394834] loop: module loaded
[    0.395371] blk-mq: CPU -> queue map
[    0.395761]   CPU 0 -> Queue 0
[    0.396707]  vda: vda1
[    0.398676] scsi0 : ata_piix
[    0.399060] scsi1 : ata_piix
[    0.399422] ata1: PATA max MWDMA2 cmd 0x1f0 ctl 0x3f6 bmdma 0xc0e0 irq 14
[    0.400089] ata2: PATA max MWDMA2 cmd 0x170 ctl 0x376 bmdma 0xc0e8 irq 15
[    0.401067] libphy: Fixed MDIO Bus: probed
[    0.401595] tun: Universal TUN/TAP device driver, 1.6
[    0.402105] tun: (C) 1999-2004 Max Krasnyansky <maxk@qualcomm.com>
[    0.404748] PPP generic driver version 2.4.2
[    0.405247] ehci_hcd: USB 2.0 'Enhanced' Host Controller (EHCI) Driver
[    0.405850] ehci-pci: EHCI PCI platform driver
[    0.406299] ehci-platform: EHCI generic platform driver
[    0.406805] ohci_hcd: USB 1.1 'Open' Host Controller (OHCI) Driver
[    0.407369] ohci-pci: OHCI PCI platform driver
[    0.407819] ohci-platform: OHCI generic platform driver
[    0.408727] uhci_hcd: USB Universal Host Controller Interface driver
[    0.410050] uhci_hcd 0000:00:01.2: UHCI Host Controller
[    0.410569] uhci_hcd 0000:00:01.2: new USB bus registered, assigned bus number 1
[    0.411602] uhci_hcd 0000:00:01.2: irq 11, io base 0x0000c040
[    0.412464] usb usb1: New USB device found, idVendor=1d6b, idProduct=0001
[    0.413135] usb usb1: New USB device strings: Mfr=3, Product=2, SerialNumber=1
[    0.413944] usb usb1: Product: UHCI Host Controller
[    0.414421] usb usb1: Manufacturer: Linux 3.13.0-86-generic uhci_hcd
[    0.415038] usb usb1: SerialNumber: 0000:00:01.2
[    0.415568] hub 1-0:1.0: USB hub found
[    0.417077] hub 1-0:1.0: 2 ports detected
[    0.418117] i8042: PNP: PS/2 Controller [PNP0303:KBD,PNP0f13:MOU] at 0x60,0x64 irq 1,12
[    0.419443] serio: i8042 KBD port at 0x60,0x64 irq 1
[    0.419995] serio: i8042 AUX port at 0x60,0x64 irq 12
[    0.420705] mousedev: PS/2 mouse device common for all mice
[    0.421475] input: AT Translated Set 2 keyboard as /devices/platform/i8042/serio0/input/input1
[    0.422515] rtc_cmos 00:00: RTC can wake from S4
[    0.424855] rtc_cmos 00:00: rtc core: registered rtc_cmos as rtc0
[    0.425499] rtc_cmos 00:00: alarms up to one day, 114 bytes nvram
[    0.426195] device-mapper: uevent: version 1.0.3
[    0.426722] device-mapper: ioctl: 4.27.0-ioctl (2013-10-30) initialised: dm-devel@redhat.com
[    0.427578] ledtrig-cpu: registered to indicate activity on CPUs
[    0.429904] TCP: cubic registered
[    0.430337] NET: Registered protocol family 10
[    0.430932] NET: Registered protocol family 17
[    0.431517] Key type dns_resolver registered
[    0.432108] Loading compiled-in X.509 certificates
[    0.433156] Loaded X.509 cert 'Magrathea: Glacier signing key: 82322f560dd6ab64f9e423e29d46b623f4ae0459'
[    0.434099] registered taskstats version 1
[    0.435596] Key type trusted registered
[    0.437927] Key type encrypted registered
[    0.438357] AppArmor: AppArmor sha1 policy hashing enabled
[    0.438874] IMA: No TPM chip found, activating TPM-bypass!
[    0.439514] regulator-dummy: disabling
[    0.439938]   Magic number: 12:398:868
[    0.441322] rtc_cmos 00:00: setting system clock to 2016-12-08 04:53:00 UTC (1481172780)
[    0.442176] BIOS EDD facility v0.16 2004-Jun-25, 0 devices found
[    0.442736] EDD information not available.
[    0.565228] Freeing unused kernel memory: 1336K (ffffffff81d20000 - ffffffff81e6e000)
[    0.566110] Write protecting the kernel read-only data: 12288k
[    0.566980] Freeing unused kernel memory: 760K (ffff880001742000 - ffff880001800000)
[    0.569000] Freeing unused kernel memory: 680K (ffff880001b56000 - ffff880001c00000)
Loading, please wait...
[    0.588496] systemd-udevd[99]: starting version 204
[    0.616248] FDC 0 is a S82078B
[    1.248096] tsc: Refined TSC clocksource calibration: 2596.985 MHz
[    1.644631] input: ImExPS/2 Generic Explorer Mouse as /devices/platform/i8042/serio1/input/input3
Begin: Loading essential drivers ... done.
Begin: Running /scripts/init-premount ... done.
Begin: Mounting root file system ... Begin: Running /scripts/local-top ... done.
Begin: Running /scripts/local-premount ... done.
[    1.818715] EXT4-fs (vda1): mounted filesystem with ordered data mode. Opts: (null)
Begin: Running /scripts/local-bottom ... done.
done.
Begin: Running /scripts/init-bottom ... done.
[    1.920751] random: init urandom read with 11 bits of entropy available
 * Starting Initialize or finalize resolvconf[74G[ OK ]
[    2.035250] EXT4-fs (vda1): re-mounted. Opts: (null)
 * Starting Signal sysvinit that the rootfs is mounted[74G[ OK ]
 * Stopping Track if upstart is running in a container[74G[ OK ]
 * Starting Clean /tmp directory[74G[ OK ]
 * Stopping Clean /tmp directory[74G[ OK ]
Cloud-init v. 0.7.5 running 'init-local' at Thu, 08 Dec 2016 04:53:02 +0000. Up 2.38 seconds.
cloud-init-nonet[2.57]: waiting 10 seconds for network device
 * Starting set console keymap[74G[ OK ]
 * Starting Signal sysvinit that virtual filesystems are mounted[74G[ OK ]
 * Starting Signal sysvinit that virtual filesystems are mounted[74G[ OK ]
 * Starting Bridge udev events into upstart[74G[ OK ]
 * Starting Signal sysvinit that remote filesystems are mounted[74G[ OK ]
 * Starting device node and kernel event manager[74G[ OK ]
 * Starting cold plug devices[74G[ OK ]
 * Starting log initial device creation[74G[ OK ]
 * Stopping set console keymap[74G[ OK ]
 * Starting Uncomplicated firewall[74G[ OK ]
 * Starting configure network device security[74G[ OK ]
 * Starting configure network device security[74G[ OK ]
 * Starting Mount network filesystems[74G[ OK ]
 * Stopping Mount network filesystems[74G[ OK ]
 * Starting Bridge socket events into upstart[74G[ OK ]
 * Starting configure network device[74G[ OK ]
 * Starting Mount network filesystems[74G[ OK ]
 * Stopping Mount network filesystems[74G[ OK ]
cloud-init-nonet[3.56]: static networking is now up
 * Starting configure network device[74G[ OK ]
 * Stopping cold plug devices[74G[ OK ]
 * Stopping log initial device creation[74G[ OK ]
 * Starting enable remaining boot-time encrypted block devices[74G[ OK ]
Cloud-init v. 0.7.5 running 'init' at Thu, 08 Dec 2016 04:53:03 +0000. Up 3.91 seconds.
ci-info: +++++++++++++++++++++++++++Net device info++++++++++++++++++++++++++++
ci-info: +--------+------+--------------+-----------------+-------------------+
ci-info: | Device |  Up  |   Address    |       Mask      |     Hw-Address    |
ci-info: +--------+------+--------------+-----------------+-------------------+
ci-info: |   lo   | True |  127.0.0.1   |    255.0.0.0    |         .         |
ci-info: |  eth0  | True | 10.246.253.8 | 255.255.255.192 | fa:16:3e:78:b2:17 |
ci-info: +--------+------+--------------+-----------------+-------------------+
ci-info: +++++++++++++++++++++++++++++++++Route info++++++++++++++++++++++++++++++++++
ci-info: +-------+--------------+--------------+-----------------+-----------+-------+
ci-info: | Route | Destination  |   Gateway    |     Genmask     | Interface | Flags |
ci-info: +-------+--------------+--------------+-----------------+-----------+-------+
ci-info: |   0   |   0.0.0.0    | 10.246.253.1 |     0.0.0.0     |    eth0   |   UG  |
ci-info: |   1   | 10.246.253.0 |   0.0.0.0    | 255.255.255.192 |    eth0   |   U   |
ci-info: +-------+--------------+--------------+-----------------+-----------+-------+
Dec  8 04:53:12 ubuntu pollinate[717]: ERROR: Network communication failed [6]\n04:53:12.388934 * Hostname was NOT found in DNS cache
  % Total    % Received % Xferd  Average Speed   Time    Time     Time  Current
                                 Dload  Upload   Total   Spent    Left  Speed
  0     0    0     0    0     0      0      0 --:--:-- --:--:-- --:--:--     004:53:12.393286 * Could not resolve host: entropy.ubuntu.com
04:53:12.393368 * Closing connection 0
curl: (6) Could not resolve host: entropy.ubuntu.com
2016-12-08 04:53:12,463 - util.py[WARNING]: Running seed_random (<module 'cloudinit.config.cc_seed_random' from '/usr/lib/python2.7/dist-packages/cloudinit/config/cc_seed_random.pyc'>) failed
Generating public/private rsa key pair.
Your identification has been saved in /etc/ssh/ssh_host_rsa_key.
Your public key has been saved in /etc/ssh/ssh_host_rsa_key.pub.
The key fingerprint is:
ca:f7:d0:6a:75:2f:1c:3e:65:8a:7f:32:f8:bd:fe:98 root@test-demo-2
The key's randomart image is:
+--[ RSA 2048]----+
|                 |
|                 |
|                 |
|                 |
|        S        |
|     . . .. o o  |
|      o o..* *   |
|       ..+o O.oo |
|       .. .ooBEo.|
+-----------------+
Generating public/private dsa key pair.
Your identification has been saved in /etc/ssh/ssh_host_dsa_key.
Your public key has been saved in /etc/ssh/ssh_host_dsa_key.pub.
The key fingerprint is:
a7:16:58:ff:c1:a1:d0:75:e1:65:cf:12:73:c7:de:f6 root@test-demo-2
The key's randomart image is:
+--[ DSA 1024]----+
|            . =o=|
|         . . o B+|
|        o . . o.+|
|       o o o . .+|
|      . S + o  ..|
|         + . .  E|
|        o   .    |
|       .         |
|                 |
+-----------------+
Generating public/private ecdsa key pair.
Your identification has been saved in /etc/ssh/ssh_host_ecdsa_key.
Your public key has been saved in /etc/ssh/ssh_host_ecdsa_key.pub.
The key fingerprint is:
d5:0e:72:ba:c9:a6:6e:ee:b0:5d:8e:80:70:5b:1f:99 root@test-demo-2
The key's randomart image is:
+--[ECDSA  256]---+
|                 |
|           .     |
|        . + .    |
|       o = o     |
|. . . E S   .    |
| o + . o o       |
|  o o . *        |
|     =.*         |
|    .=B .        |
+-----------------+
Generating public/private ed25519 key pair.
Your identification has been saved in /etc/ssh/ssh_host_ed25519_key.
Your public key has been saved in /etc/ssh/ssh_host_ed25519_key.pub.
The key fingerprint is:
46:85:29:c7:86:73:6e:99:09:ae:e8:38:33:81:26:26 root@test-demo-2
The key's randomart image is:
+--[ED25519  256--+
|       o o.      |
|      = B.       |
|     . O.+       |
|      ..*        |
|.  . . .S        |
|Eo. .  .         |
|=+               |
|= .              |
| +               |
+-----------------+
 * Stopping Mount filesystems on boot[74G[ OK ]
 * Starting Signal sysvinit that local filesystems are mounted[74G[ OK ]
 * Starting configure network device security[74G[ OK ]
 * Starting flush early job output to logs[74G[ OK ]
 * Stopping Failsafe Boot Delay[74G[ OK ]
 * Starting System V initialisation compatibility[74G[ OK ]
 * Starting D-Bus system message bus[74G[ OK ]
 * Stopping flush early job output to logs[74G[ OK ]
 * Starting SystemD login management service[74G[ OK ]
 * Starting configure virtual network devices[74G[ OK ]
 * Starting early crypto disks...       [80G [74G[ OK ]
 * Starting system logging daemon[74G[ OK ]
 * Starting Seed the pseudo random number generator on first boot[74G[ OK ]
 * Starting Handle applying cloud-config[74G[ OK ]
 * Starting Bridge file events into upstart[74G[ OK ]
Skipping profile in /etc/apparmor.d/disable: usr.sbin.rsyslogd
 * Starting Seed the pseudo random number generator on first boot[74G[[31mfail[39;49m]
 * Starting AppArmor profiles       [80G [74G[ OK ]
 * Stopping System V initialisation compatibility[74G[ OK ]
open-vm-tools: not starting as this is not a VMware VM
 * Starting System V runlevel compatibility[74G[ OK ]
landscape-client is not configured, please run landscape-config.
 * Starting deferred execution scheduler[74G[ OK ]
 * Starting regular background program processing daemon[74G[ OK ]
 * Starting ACPI daemon[74G[ OK ]
 * Starting save kernel messages[74G[ OK ]
 * Starting Seed the pseudo random number generator on first boot[74G[ OK ]
Cloud-init v. 0.7.5 running 'modules:config' at Thu, 08 Dec 2016 04:53:13 +0000. Up 13.28 seconds.
 * Starting OpenSSH server[74G[ OK ]
 * Stopping save kernel messages[74G[ OK ]
 * Stopping CPU interrupts balancing daemon[74G[ OK ]
 * Starting automatic crash report generation[74G[ OK ]
 * Restoring resolver state...       [80G [74G[ OK ]
 * Stopping System V runlevel compatibility[74G[ OK ]
Generating locales...
  en_US.UTF-8... up-to-date
Generation complete.
Cloud-init v. 0.7.5 running 'modules:final' at Thu, 08 Dec 2016 04:53:14 +0000. Up 14.15 seconds.
Adding IxChariot Performance Endpoints
Err http://security.ubuntu.com trusty-security InRelease
  
Err http://security.ubuntu.com trusty-security Release.gpg
  Could not resolve 'security.ubuntu.com'
Err http://archive.ubuntu.com trusty InRelease
  
Err http://archive.ubuntu.com trusty-updates InRelease
  
Err http://archive.ubuntu.com trusty-backports InRelease
  
Err http://archive.ubuntu.com trusty Release.gpg
  Could not resolve 'archive.ubuntu.com'
Err http://archive.ubuntu.com trusty-updates Release.gpg
  Could not resolve 'archive.ubuntu.com'
Err http://archive.ubuntu.com trusty-backports Release.gpg
  Could not resolve 'archive.ubuntu.com'
Reading package lists...
Ubuntu 14.04.4 LTS test-demo-2 ttyS0

test-demo-2 login: 
W: Failed to fetch http://archive.ubuntu.com/ubuntu/dists/trusty/InRelease  

W: Failed to fetch http://archive.ubuntu.com/ubuntu/dists/trusty-updates/InRelease  

W: Failed to fetch http://archive.ubuntu.com/ubuntu/dists/trusty-backports/InRelease  

W: Failed to fetch http://security.ubuntu.com/ubuntu/dists/trusty-security/InRelease  

W: Failed to fetch http://security.ubuntu.com/ubuntu/dists/trusty-security/Release.gpg  Could not resolve 'security.ubuntu.com'

W: Failed to fetch http://archive.ubuntu.com/ubuntu/dists/trusty/Release.gpg  Could not resolve 'archive.ubuntu.com'

W: Failed to fetch http://archive.ubuntu.com/ubuntu/dists/trusty-updates/Release.gpg  Could not resolve 'archive.ubuntu.com'

W: Failed to fetch http://archive.ubuntu.com/ubuntu/dists/trusty-backports/Release.gpg  Could not resolve 'archive.ubuntu.com'

W: Some index files failed to download. They have been ignored, or old ones used instead.
Reading package lists...
Building dependency tree...
Reading state information...
The following packages will be upgraded:
  libcgmanager0 screen
2 upgraded, 0 newly installed, 0 to remove and 0 not upgraded.
Need to get 567 kB of archives.
After this operation, 67.6 kB of additional disk space will be used.
WARNING: The following packages cannot be authenticated!
  libcgmanager0 screen
E: There are problems and -y was used without --force-yes
--2016-12-08 04:53:15--  http://10.246.240.100/ixia/pelinux_amd64_93.tar.gz
Connecting to 10.246.240.100:80... connected.
HTTP request sent, awaiting response... 200 OK
Length: 1146983 (1.1M) [application/x-gzip]
Saving to: 'pelinux_amd64_93.tar.gz'

     0K .......... .......... .......... .......... ..........  4% 43.9M 0s
    50K .......... .......... .......... .......... ..........  8%  739M 0s
   100K .......... .......... .......... .......... .......... 13%  474M 0s
   150K .......... .......... .......... .......... .......... 17%  640M 0s
   200K .......... .......... .......... .......... .......... 22% 31.1M 0s
   250K .......... .......... .......... .......... .......... 26%  895M 0s
   300K .......... .......... .......... .......... .......... 31%  647M 0s
   350K .......... .......... .......... .......... .......... 35%  737M 0s
   400K .......... .......... .......... .......... .......... 40%  661M 0s
   450K .......... .......... .......... .......... .......... 44%  702M 0s
   500K .......... .......... .......... .......... .......... 49% 25.3M 0s
   550K .......... .......... .......... .......... .......... 53%  697M 0s
   600K .......... .......... .......... .......... .......... 58% 42.6M 0s
   650K .......... .......... .......... .......... .......... 62%  851M 0s
   700K .......... .......... .......... .......... .......... 66% 67.2M 0s
   750K .......... .......... .......... .......... .......... 71%  764M 0s
   800K .......... .......... .......... .......... .......... 75% 68.8M 0s
   850K .......... .......... .......... .......... .......... 80%  724M 0s
   900K .......... .......... .......... .......... .......... 84% 62.3M 0s
   950K .......... .......... .......... .......... .......... 89%  829M 0s
  1000K .......... .......... .......... .......... .......... 93% 60.3M 0s
  1050K .......... .......... .......... .......... .......... 98%  760M 0s
  1100K .......... ..........                                 100%  853M=0.01s

2016-12-08 04:53:15 (112 MB/s) - 'pelinux_amd64_93.tar.gz' saved [1146983/1146983]

endpoint.install
temp/IxiaEULA.txt
temp/README
temp/cmpfiles/
temp/cmpfiles/lena.cmp
temp/cmpfiles/news.cmp
temp/cmpfiles/trans.cmp
temp/echr.msg
temp/endpoint
temp/endpoint.ini.newest
temp/endpoint.remove
temp/fmtlog
temp/rc2exec.lnx
You have accepted the terms and conditions of the license agreement.

Any running copies of endpoint are being stopped now.


Notice!  To have the endpoint start when your system reboots,
you must update your system rc scripts.

If your Linux system uses 'rc.local', add the following line
to the 'rc.local' file:
    /usr/local/Ixia/endpoint 1>>/var/local/endpoint.console 2>&1 &

Do not forget the ampersand (&) at the end of the line; without it,
the boot process will not continue and you may be unable to log in
at the console.

The endpoint install directory now uses /usr/local/Ixia instead of
/usr/local/NetIQ.  If your rc.local referenced /usr/local/NetIQ,
you should change it to use the new directory.

If your Linux system supports System V-style rc scripts,
copy /usr/local/Ixia/rc2exec.lnx to the appropriate places.
For example, with Red Hat Linux 5.0, you might run these commands:

   cp /usr/local/Ixia/rc2exec.lnx /etc/rc.d/init.d/endpoint
   ln -fs /etc/rc.d/init.d/endpoint /etc/rc.d/rc2.d/S81endpoint
   ln -fs /etc/rc.d/init.d/endpoint /etc/rc.d/rc3.d/S81endpoint
   ln -fs /etc/rc.d/init.d/endpoint /etc/rc.d/rc6.d/K81endpoint

For Red Hat Linux 5.2 or later, the recommended commands are:
   cp /usr/local/Ixia/rc2exec.lnx /etc/rc.d/init.d/endpoint
   /sbin/chkconfig endpoint reset


Starting the IxChariot Performance Endpoint.
Installation was successful and the endpoint is connected to the Registration Server (10.246.240.130).
update-rc.d: warning: /etc/init.d/endpoint missing LSB information
update-rc.d: see <http://wiki.debian.org/LSBInitScripts>
 Adding system startup for /etc/init.d/endpoint ...
   /etc/rc0.d/K20endpoint -> ../init.d/endpoint
   /etc/rc1.d/K20endpoint -> ../init.d/endpoint
   /etc/rc6.d/K20endpoint -> ../init.d/endpoint
   /etc/rc2.d/S20endpoint -> ../init.d/endpoint
   /etc/rc3.d/S20endpoint -> ../init.d/endpoint
   /etc/rc4.d/S20endpoint -> ../init.d/endpoint
   /etc/rc5.d/S20endpoint -> ../init.d/endpoint
ci-info: ++++++Authorized keys from /home/ubuntu/.ssh/authorized_keys for user ubuntu+++++++
ci-info: +---------+-------------------------------------------------+---------+-----------+
ci-info: | Keytype |                Fingerprint (md5)                | Options |  Comment  |
ci-info: +---------+-------------------------------------------------+---------+-----------+
ci-info: | ssh-rsa | df:71:ba:81:94:33:58:e1:57:e9:01:e0:61:4f:f5:d1 |    -    | GanpatMAC |
ci-info: +---------+-------------------------------------------------+---------+-----------+
ec2: 
ec2: #############################################################
ec2: -----BEGIN SSH HOST KEY FINGERPRINTS-----
ec2: 1024 a7:16:58:ff:c1:a1:d0:75:e1:65:cf:12:73:c7:de:f6  root@test-demo-2 (DSA)
ec2: 256 d5:0e:72:ba:c9:a6:6e:ee:b0:5d:8e:80:70:5b:1f:99  root@test-demo-2 (ECDSA)
ec2: 256 46:85:29:c7:86:73:6e:99:09:ae:e8:38:33:81:26:26  root@test-demo-2 (ED25519)
ec2: 2048 ca:f7:d0:6a:75:2f:1c:3e:65:8a:7f:32:f8:bd:fe:98  root@test-demo-2 (RSA)
ec2: -----END SSH HOST KEY FINGERPRINTS-----
ec2: #############################################################
-----BEGIN SSH HOST KEY KEYS-----
ecdsa-sha2-nistp256 AAAAE2VjZHNhLXNoYTItbmlzdHAyNTYAAAAIbmlzdHAyNTYAAABBBBC54BdzN1ui7w6mdk6yc6+uHWkvmPnz0Q50ozHDo5gdx2GkTQ9liOYp71uG8vNJQGHHUAsn/559rfA1cAwjHgE= root@test-demo-2
ssh-ed25519 AAAAC3NzaC1lZDI1NTE5AAAAIAZE6bSPIOUGWLXh1VMV2nQ0xqI2mo3HBqZXte2euN6s root@test-demo-2
ssh-rsa AAAAB3NzaC1yc2EAAAADAQABAAABAQDJV195IGn/r+gbMXAuvHJ7UFQPzcjp4YHL1/FeI6G9wjKLq596ppAdXfqlHepNSf5yA4Bn6taWaJnkciALnZloR4UfsfjQAL9Ve5khL6xE1G0LSYV2ovrweD6ysZneGGkpXIKfNOzKahbx31je4xduPnqGXTumcWjTvJKCZsYBuS/bhWOV+DdSh023pTStJeZGPajv3lboKUpSmoGhUwfEkjPKbKHHTT+3n8WbzsaDedjY10sHzG3ieMJYAUvwb0o3pYUhi2XCchU7zyTfucXSepNVZLwGDHPTzqLvsr5aKPFIb0rZqeIDTG63ZPcPn8rVfneXtOlrHkBmD/9SLkff root@test-demo-2
-----END SSH HOST KEY KEYS-----
Cloud-init v. 0.7.5 finished at Thu, 08 Dec 2016 04:53:17 +0000. Datasource DataSourceOpenStack [net,ver=2].  Up 17.82 seconds
